// Generated with  (https://github.com/laurentlb/Shader_Minifier/)
#ifndef SHADER_MINIFIER_IMPL
#ifndef SHADER_MINIFIER_HEADER
# define SHADER_MINIFIER_HEADER
# define VAR_mouse "s"
# define VAR_resolution "v"
# define VAR_tex0 "d"
# define VAR_tex1 "f"
# define VAR_tex2 "o"
# define VAR_tex3 "b"
# define VAR_time "z"
#endif

#else // if SHADER_MINIFIER_IMPL

// tests/real/kinder_painter.frag
 "uniform vec2 v;"
 "uniform float z;"
 "uniform vec4 s;"
 "uniform sampler2D d,f,o,b;"
 "vec4 r[6],i[6];"
 "float t(vec4 z,vec3 v,vec3 r)"
 "{"
   "vec3 d=v-z.xyz;"
   "float w=dot(r.xz,r.xz),s=dot(r.xz,d.xz),f=s*s-w*(dot(d.xz,d.xz)-z.w*z.w);"
   "if(f>0.)"
     "f=(-s-sqrt(f))/w;"
   "return f-.001;"
 "}"
 "float n(vec4 z,vec3 v,vec3 r)"
 "{"
   "vec3 w=v-z.xyz;"
   "float s=dot(r,w),f=s*s-(dot(w,w)-z.w*z.w);"
   "if(f>0.)"
     "f=-s-sqrt(f);"
   "return f-.001;"
 "}"
 "bool n(vec4 z,vec3 v,vec3 r,float w)"
 "{"
   "vec3 f=v-z.xyz;"
   "float s=dot(r,f),d=s*s-(dot(f,f)-z.w*z.w);"
   "bool i=false;"
   "if(d>0.)"
     "d=-s-sqrt(d),i=d>0.&&d<w;"
   "return i;"
 "}"
 "bool t(vec4 z,vec3 v,vec3 r,float w)"
 "{"
   "vec3 f=v-z.xyz;"
   "float s=dot(r.xz,r.xz),d=dot(r.xz,f.xz),i=d*d-s*(dot(f.xz,f.xz)-z.w*z.w);"
   "bool o=false;"
   "if(i>0.)"
     "i=-d-sqrt(i),o=i>0.&&i<w*s;"
   "return o;"
 "}"
 "float m(vec4 z,vec3 v,vec3 f)"
 "{"
   "float r=dot(z.xyz,f);"
   "r=(-dot(z.xyz,v)-z.w)/(sign(r)*max(abs(r),.001));"
   "return r-.001;"
 "}"
 "vec3 m(vec4 z,vec4 v,vec3 r,out vec2 f)"
 "{"
   "vec3 d;"
   "f=v.w>2.5?"
     "d.xz=r.xz-z.xz,d.y=0.,d/=z.w,vec2(d.x,r.y):"
     "v.w>1.5?"
       "d=z.xyz,r.xz*.2:"
       "(d=(r-z.xyz)/z.w,d.xy);"
   "return d;"
 "}"
 "vec4 m(vec4 z,vec4 v,bool w)"
 "{"
   "return w?"
     "v:"
     "z;"
 "}"
 "float m(float z,float v,bool w)"
 "{"
   "return w?"
     "v:"
     "z;"
 "}"
 "float m(vec3 v,vec3 z,out vec4 f,out vec4 d)"
 "{"
   "float w=1e4,s;"
   "d.w=-1.;"
   "bool o;"
   "s=n(r[0],v,z);"
   "o=s>0.&&s<w;"
   "f=m(f,r[0],o);"
   "d=m(d,i[0],o);"
   "w=m(w,s,o);"
   "s=n(r[1],v,z);"
   "o=s>0.&&s<w;"
   "f=m(f,r[1],o);"
   "d=m(d,i[1],o);"
   "w=m(w,s,o);"
   "s=t(r[2],v,z);"
   "o=s>0.&&s<w;"
   "f=m(f,r[2],o);"
   "d=m(d,i[2],o);"
   "w=m(w,s,o);"
   "s=t(r[3],v,z);"
   "o=s>0.&&s<w;"
   "f=m(f,r[3],o);"
   "d=m(d,i[3],o);"
   "w=m(w,s,o);"
   "s=m(r[4],v,z);"
   "o=s>0.&&s<w;"
   "f=m(f,r[4],o);"
   "d=m(d,i[4],o);"
   "w=m(w,s,o);"
   "s=m(r[5],v,z);"
   "o=s>0.&&s<w;"
   "f=m(f,r[5],o);"
   "d=m(d,i[5],o);"
   "return m(w,s,o);"
 "}"
 "bool m(vec3 v,vec3 z,float o)"
 "{"
   "bvec4 f;"
   "f.x=n(r[0],v,z,o);"
   "f.y=n(r[1],v,z,o);"
   "f.z=t(r[2],v,z,o);"
   "f.w=t(r[3],v,z,o);"
   "return any(f);"
 "}"
 "vec4 m(vec3 v,vec4 z,vec4 f,vec3 w,vec4 o,out vec4 r)"
 "{"
   "vec3 s;"
   "float i,b;"
   "vec2 y;"
   "s=m(z,f,v,y);"
   "i=dot(s,o.xyz);"
   "r.xyz=reflect(w,s);"
   "b=max(dot(r.xyz,o.xyz),0.);"
   "b*=b;"
   "b*=b;"
   "if(m(v,o.xyz,o.w))"
     "i=0.;"
   "f*=texture2D(d,y);"
   "i=max(i,0.);"
   "f=f*(vec4(.3,.34,.38,1)+.5*vec4(1,.95,.8,1)*i)+.5*b;"
   "i=dot(s,-w);"
   "r.w=i;"
   "i=1.-i*i;"
   "i*=i;"
   "return f+.35*vec4(i);"
 "}"
 "void main()"
 "{"
   "vec4 f,o,d,w;"
   "vec2 b=(-1.+2.*gl_FragCoord.xy/v.xy)*vec2(v.x/v.y,1);"
   "r[0]=vec4(1.2*sin(2.073423*z),0,1.8*sin(2.450409*z+1.),1);"
   "r[1]=vec4(1.5*sin(1.947761*z+4.),sin(1.822099*z+1.9),1.8*sin(1.822099*z),1);"
   "r[2]=vec4(-1.2,0,0,.4);"
   "r[3]=vec4(1.2,0,0,.4);"
   "r[4]=vec4(0,1,0,2);"
   "r[5]=vec4(0,-1,0,2);"
   "i[0]=vec4(.9,.8,.6,1);"
   "i[1]=vec4(1,.6,.4,1);"
   "i[2]=vec4(.8,.6,.5,3);"
   "i[3]=vec4(.5,.5,.7,3);"
   "i[4]=vec4(1,.9,.9,2);"
   "i[5]=vec4(1,.9,.9,2);"
   "float y=.15*z-6.2831*s.x/v.x,x=2.+3.*s.y/v.y;"
   "vec2 a=vec2(cos(y),sin(y));"
   "vec3 n=normalize(vec3(b.x*a.x-a.y,b.y,a.x+b.x*a.y)),u=vec3(x*a.y,0,-x*a.x);"
   "y=m(u,n,o,d);"
   "u+=n*y;"
   "f.xyz=vec3(0,1.5,-3)-u;"
   "f.w=length(f.xyz);"
   "f.xyz=f.xyz/f.w;"
   "d=m(u,o,d,n,f,w);"
   "vec4 g,e;"
   "y=m(u,w.xyz,o,g);"
   "u+=w.xyz*y;"
   "f.xyz=vec3(0,1.5,-1)-u;"
   "f.w=length(f.xyz);"
   "f.xyz=f.xyz/f.w;"
   "g=m(u,o,g,w.xyz,f,e);"
   "d=mix(d,g,.5-.5*w.w);"
   "gl_FragColor=d;"
 "}",

#endif
