// Generated with  (https://github.com/laurentlb/Shader_Minifier/)
#ifndef SHADER_MINIFIER_IMPL
#ifndef SHADER_MINIFIER_HEADER
# define SHADER_MINIFIER_HEADER
# define VAR_mouse "s"
# define VAR_resolution "v"
# define VAR_tex0 "d"
# define VAR_tex1 "f"
# define VAR_tex2 "o"
# define VAR_tex3 "b"
# define VAR_time "z"
#endif

#else // if SHADER_MINIFIER_IMPL

// tests/real/kinder_painter.frag
 "uniform vec2 v;"
 "uniform float z;"
 "uniform vec4 s;"
 "uniform sampler2D d,f,o,b;"
 "vec4 r[6],i[6];"
 "float t(vec4 z,vec3 v,vec3 r)"
 "{"
   "vec3 i=v-z.xyz;"
   "float w=dot(r.xz,r.xz),s=dot(r.xz,i.xz),d=s*s-w*(dot(i.xz,i.xz)-z.w*z.w);"
   "if(d>0.)"
     "d=(-s-sqrt(d))/w;"
   "return d-.001;"
 "}"
 "float n(vec4 z,vec3 v,vec3 r)"
 "{"
   "vec3 d=v-z.xyz;"
   "float s=dot(r,d),w=s*s-(dot(d,d)-z.w*z.w);"
   "if(w>0.)"
     "w=-s-sqrt(w);"
   "return w-.001;"
 "}"
 "bool n(vec4 z,vec3 v,vec3 r,float w)"
 "{"
   "vec3 d=v-z.xyz;"
   "float s=dot(r,d),i=s*s-(dot(d,d)-z.w*z.w);"
   "bool f=false;"
   "if(i>0.)"
     "i=-s-sqrt(i),f=i>0.&&i<w;"
   "return f;"
 "}"
 "bool t(vec4 z,vec3 v,vec3 r,float w)"
 "{"
   "vec3 d=v-z.xyz;"
   "float s=dot(r.xz,r.xz),i=dot(r.xz,d.xz),f=i*i-s*(dot(d.xz,d.xz)-z.w*z.w);"
   "bool b=false;"
   "if(f>0.)"
     "f=-i-sqrt(f),b=f>0.&&f<w*s;"
   "return b;"
 "}"
 "float m(vec4 z,vec3 v,vec3 d)"
 "{"
   "float r=dot(z.xyz,d);"
   "r=(-dot(z.xyz,v)-z.w)/(sign(r)*max(abs(r),.001));"
   "return r-.001;"
 "}"
 "vec3 m(vec4 z,vec4 v,vec3 r,out vec2 w)"
 "{"
   "vec3 d;"
   "w=v.w>2.5?"
     "d.xz=r.xz-z.xz,d.y=0.,d/=z.w,vec2(d.x,r.y):"
     "v.w>1.5?"
       "d=z.xyz,r.xz*.2:"
       "(d=(r-z.xyz)/z.w,d.xy);"
   "return d;"
 "}"
 "vec4 m(vec4 z,vec4 v,bool w)"
 "{"
   "return w?"
     "v:"
     "z;"
 "}"
 "float m(float z,float v,bool w)"
 "{"
   "return w?"
     "v:"
     "z;"
 "}"
 "int m(int z,int v,bool w)"
 "{"
   "return w?"
     "v:"
     "z;"
 "}"
 "float m(vec3 v,vec3 z,out vec4 d,out vec4 w)"
 "{"
   "float f=1e4,b;"
   "w.w=-1.;"
   "bool s;"
   "b=n(r[0],v,z);"
   "s=b>0.&&b<f;"
   "d=m(d,r[0],s);"
   "w=m(w,i[0],s);"
   "f=m(f,b,s);"
   "b=n(r[1],v,z);"
   "s=b>0.&&b<f;"
   "d=m(d,r[1],s);"
   "w=m(w,i[1],s);"
   "f=m(f,b,s);"
   "b=t(r[2],v,z);"
   "s=b>0.&&b<f;"
   "d=m(d,r[2],s);"
   "w=m(w,i[2],s);"
   "f=m(f,b,s);"
   "b=t(r[3],v,z);"
   "s=b>0.&&b<f;"
   "d=m(d,r[3],s);"
   "w=m(w,i[3],s);"
   "f=m(f,b,s);"
   "b=m(r[4],v,z);"
   "s=b>0.&&b<f;"
   "d=m(d,r[4],s);"
   "w=m(w,i[4],s);"
   "f=m(f,b,s);"
   "b=m(r[5],v,z);"
   "s=b>0.&&b<f;"
   "d=m(d,r[5],s);"
   "w=m(w,i[5],s);"
   "return m(f,b,s);"
 "}"
 "bool m(vec3 v,vec3 z,float s)"
 "{"
   "bvec4 d;"
   "d.x=n(r[0],v,z,s);"
   "d.y=n(r[1],v,z,s);"
   "d.z=t(r[2],v,z,s);"
   "d.w=t(r[3],v,z,s);"
   "return any(d);"
 "}"
 "vec4 m(vec3 v,vec4 z,vec4 s,vec3 w,vec4 r,out vec4 f)"
 "{"
   "vec3 b;"
   "float i,o;"
   "vec2 y;"
   "b=m(z,s,v,y);"
   "i=dot(b,r.xyz);"
   "f.xyz=reflect(w,b);"
   "o=max(dot(f.xyz,r.xyz),0.);"
   "o*=o;"
   "o*=o;"
   "if(m(v,r.xyz,r.w))"
     "i=0.;"
   "s*=texture2D(d,y);"
   "i=max(i,0.);"
   "s=s*(vec4(.3,.34,.38,1)+.5*vec4(1,.95,.8,1)*i)+.5*o;"
   "i=dot(b,-w);"
   "f.w=i;"
   "i=1.-i*i;"
   "i*=i;"
   "return s+.35*vec4(i);"
 "}"
 "void main()"
 "{"
   "vec4 d,b,w,f;"
   "vec2 o=(-1.+2.*gl_FragCoord.xy/v.xy)*vec2(v.x/v.y,1);"
   "r[0]=vec4(1.2*sin(2.073423*z),0,1.8*sin(2.450409*z+1.),1);"
   "r[1]=vec4(1.5*sin(1.947761*z+4.),sin(1.822099*z+1.9),1.8*sin(1.822099*z),1);"
   "r[2]=vec4(-1.2,0,0,.4);"
   "r[3]=vec4(1.2,0,0,.4);"
   "r[4]=vec4(0,1,0,2);"
   "r[5]=vec4(0,-1,0,2);"
   "i[0]=vec4(.9,.8,.6,1);"
   "i[1]=vec4(1,.6,.4,1);"
   "i[2]=vec4(.8,.6,.5,3);"
   "i[3]=vec4(.5,.5,.7,3);"
   "i[4]=vec4(1,.9,.9,2);"
   "i[5]=vec4(1,.9,.9,2);"
   "float y=.15*z-6.2831*s.x/v.x,x=2.+3.*s.y/v.y;"
   "vec2 a=vec2(cos(y),sin(y));"
   "vec3 n=normalize(vec3(o.x*a.x-a.y,o.y,a.x+o.x*a.y)),u=vec3(x*a.y,0,-x*a.x);"
   "y=m(u,n,b,w);"
   "u+=n*y;"
   "d.xyz=vec3(0,1.5,-3)-u;"
   "d.w=length(d.xyz);"
   "d.xyz=d.xyz/d.w;"
   "w=m(u,b,w,n,d,f);"
   "vec4 g,e;"
   "y=m(u,f.xyz,b,g);"
   "u+=f.xyz*y;"
   "d.xyz=vec3(0,1.5,-1)-u;"
   "d.w=length(d.xyz);"
   "d.xyz=d.xyz/d.w;"
   "g=m(u,b,g,f.xyz,d,e);"
   "w=mix(w,g,.5-.5*f.w);"
   "gl_FragColor=w;"
 "}",

#endif
