// Generated with  (https://github.com/laurentlb/Shader_Minifier/)
#ifndef OVERLOAD_EXPECTED_
# define OVERLOAD_EXPECTED_
# define VAR_ZH "f"
# define VAR__V "i"
# define VAR_a_ "v"
# define VAR_outputvar "o"
# define VAR_stopinlining "m"

const char *overload_frag =
 "#version 330\n"
 "uniform sampler2D i;"
 "uniform vec2 v;"
 "in vec2 f;"
 "out float m;"
 "out vec4 o;"
 "float b()"
 "{"
   "return m+.1;"
 "}"
 "float h()"
 "{"
   "return m+.2;"
 "}"
 "float b(int v)"
 "{"
   "return m+.3;"
 "}"
 "float h(float v)"
 "{"
   "return m+.4;"
 "}"
 "float b(bool v)"
 "{"
   "return m+.5;"
 "}"
 "float b(int v,int b)"
 "{"
   "return m+.6;"
 "}"
 "float b(int v,int b,int f,int h)"
 "{"
   "return m+.7;"
 "}"
 "void main()"
 "{"
   "float m=0.,t=b(true)+b(0,1)-b(0,1,2,3);"
   "o=vec4(b()+2.*b(0),2.*h(1.2)-h(),t,texelFetch(i,ivec2(v*f*255.)%256,0).x+m++);"
 "}";

#endif // OVERLOAD_EXPECTED_
